// Jest Snapshot v1, https://goo.gl/fbAQLP

exports[`Snapshot renders correctly 1`] = `
<div
  className="MemberList"
>
  <h1
    className="MemberList__title"
  >
    Member List
  </h1>
  <div
    className="MemberList__top"
  >
    <a
      className="MemberList__register"
      href="/register"
      onClick={[Function]}
    />
    <div
      className="MemberList__switch"
    >
      <input
        checked={true}
        id="active"
        name="users"
        onChange={[Function]}
        type="radio"
      />
      <label
        htmlFor="active"
      >
        Active
      </label>
      <input
        checked={false}
        id="unactive"
        name="users"
        onChange={[Function]}
        type="radio"
      />
      <label
        htmlFor="unactive"
      >
        Unactive
      </label>
    </div>
  </div>
  <table
    className="MemberList__list"
  >
    <thead>
      <tr>
        <th>
          Photo
        </th>
        <th>
          First Name
        </th>
        <th>
          Last Name
        </th>
        <th>
          Email
        </th>
      </tr>
    </thead>
    <tbody />
  </table>
  <div
    className="SmallList"
  />
</div>
`;
